------------------------------------------------------------
Timing Analyzer Summary
------------------------------------------------------------

Type  : Setup 'pCLK'
Slack : -9.343
TNS   : -209.811

Type  : Setup 'cy2'
Slack : -4.985
TNS   : -25.232

Type  : Setup 'clk'
Slack : -4.661
TNS   : -29.506

Type  : Setup 'cy1'
Slack : -2.171
TNS   : -9.628

Type  : Setup 'cy0'
Slack : -1.821
TNS   : -8.585

Type  : Hold 'clk'
Slack : -3.858
TNS   : -3.858

Type  : Hold 'cy2'
Slack : -0.229
TNS   : -0.229

Type  : Hold 'cy1'
Slack : 1.773
TNS   : 0.000

Type  : Hold 'cy0'
Slack : 1.780
TNS   : 0.000

Type  : Hold 'pCLK'
Slack : 2.046
TNS   : 0.000

Type  : Minimum Pulse Width 'pCLK'
Slack : -2.289
TNS   : -2.289

Type  : Minimum Pulse Width 'clk'
Slack : 0.234
TNS   : 0.000

Type  : Minimum Pulse Width 'cy0'
Slack : 0.234
TNS   : 0.000

Type  : Minimum Pulse Width 'cy1'
Slack : 0.234
TNS   : 0.000

Type  : Minimum Pulse Width 'cy2'
Slack : 0.234
TNS   : 0.000

------------------------------------------------------------
