Timing Analyzer report for DigitalClock
Thu Dec 21 11:52:23 2023
Quartus Prime Version 21.1.0 Build 842 10/21/2021 SJ Lite Edition


---------------------
; Table of Contents ;
---------------------
  1. Legal Notice
  2. Timing Analyzer Summary
  3. Parallel Compilation
  4. Clocks
  5. Fmax Summary
  6. Setup Summary
  7. Hold Summary
  8. Recovery Summary
  9. Removal Summary
 10. Minimum Pulse Width Summary
 11. Setup: 'div[10]'
 12. Setup: 'pCLK'
 13. Setup: 'cy2'
 14. Setup: 'cy0'
 15. Setup: 'cy3'
 16. Setup: 'cy1'
 17. Hold: 'pCLK'
 18. Hold: 'cy2'
 19. Hold: 'cy0'
 20. Hold: 'cy1'
 21. Hold: 'cy3'
 22. Hold: 'div[10]'
 23. Setup Transfers
 24. Hold Transfers
 25. Report TCCS
 26. Report RSKM
 27. Unconstrained Paths Summary
 28. Clock Status Summary
 29. Unconstrained Input Ports
 30. Unconstrained Output Ports
 31. Unconstrained Input Ports
 32. Unconstrained Output Ports
 33. Timing Analyzer Messages



----------------
; Legal Notice ;
----------------
Copyright (C) 2021  Intel Corporation. All rights reserved.
Your use of Intel Corporation's design tools, logic functions 
and other software and tools, and any partner logic 
functions, and any output files from any of the foregoing 
(including device programming or simulation files), and any 
associated documentation or information are expressly subject 
to the terms and conditions of the Intel Program License 
Subscription Agreement, the Intel Quartus Prime License Agreement,
the Intel FPGA IP License Agreement, or other applicable license
agreement, including, without limitation, that your use is for
the sole purpose of programming logic devices manufactured by
Intel and sold by Intel or its authorized distributors.  Please
refer to the applicable agreement for further details, at
https://fpgasoftware.intel.com/eula.



+-----------------------------------------------------------------------------+
; Timing Analyzer Summary                                                     ;
+-----------------------+-----------------------------------------------------+
; Quartus Prime Version ; Version 21.1.0 Build 842 10/21/2021 SJ Lite Edition ;
; Timing Analyzer       ; Legacy Timing Analyzer                              ;
; Revision Name         ; DigitalClock                                        ;
; Device Family         ; MAX II                                              ;
; Device Name           ; EPM570T100C5                                        ;
; Timing Models         ; Final                                               ;
; Delay Model           ; Slow Model                                          ;
; Rise/Fall Delays      ; Unavailable                                         ;
+-----------------------+-----------------------------------------------------+


+------------------------------------------+
; Parallel Compilation                     ;
+----------------------------+-------------+
; Processors                 ; Number      ;
+----------------------------+-------------+
; Number detected on machine ; 8           ;
; Maximum allowed            ; 4           ;
;                            ;             ;
; Average used               ; 1.00        ;
; Maximum used               ; 1           ;
;                            ;             ;
; Usage by Processor         ; % Time Used ;
;     Processor 1            ; 100.0%      ;
+----------------------------+-------------+


+-------------------------------------------------------------------------------------------------------------------------------------------------------------------------------------+
; Clocks                                                                                                                                                                              ;
+------------+------+--------+------------+-------+-------+------------+-----------+-------------+-------+--------+-----------+------------+----------+--------+--------+-------------+
; Clock Name ; Type ; Period ; Frequency  ; Rise  ; Fall  ; Duty Cycle ; Divide by ; Multiply by ; Phase ; Offset ; Edge List ; Edge Shift ; Inverted ; Master ; Source ; Targets     ;
+------------+------+--------+------------+-------+-------+------------+-----------+-------------+-------+--------+-----------+------------+----------+--------+--------+-------------+
; cy0        ; Base ; 1.000  ; 1000.0 MHz ; 0.000 ; 0.500 ;            ;           ;             ;       ;        ;           ;            ;          ;        ;        ; { cy0 }     ;
; cy1        ; Base ; 1.000  ; 1000.0 MHz ; 0.000 ; 0.500 ;            ;           ;             ;       ;        ;           ;            ;          ;        ;        ; { cy1 }     ;
; cy2        ; Base ; 1.000  ; 1000.0 MHz ; 0.000 ; 0.500 ;            ;           ;             ;       ;        ;           ;            ;          ;        ;        ; { cy2 }     ;
; cy3        ; Base ; 1.000  ; 1000.0 MHz ; 0.000 ; 0.500 ;            ;           ;             ;       ;        ;           ;            ;          ;        ;        ; { cy3 }     ;
; div[10]    ; Base ; 1.000  ; 1000.0 MHz ; 0.000 ; 0.500 ;            ;           ;             ;       ;        ;           ;            ;          ;        ;        ; { div[10] } ;
; pCLK       ; Base ; 1.000  ; 1000.0 MHz ; 0.000 ; 0.500 ;            ;           ;             ;       ;        ;           ;            ;          ;        ;        ; { pCLK }    ;
+------------+------+--------+------------+-------+-------+------------+-----------+-------------+-------+--------+-----------+------------+----------+--------+--------+-------------+


+--------------------------------------------------+
; Fmax Summary                                     ;
+------------+-----------------+------------+------+
; Fmax       ; Restricted Fmax ; Clock Name ; Note ;
+------------+-----------------+------------+------+
; 172.06 MHz ; 172.06 MHz      ; div[10]    ;      ;
; 201.82 MHz ; 201.82 MHz      ; pCLK       ;      ;
; 344.47 MHz ; 344.47 MHz      ; cy2        ;      ;
; 347.46 MHz ; 347.46 MHz      ; cy0        ;      ;
; 348.8 MHz  ; 348.8 MHz       ; cy3        ;      ;
; 352.24 MHz ; 352.24 MHz      ; cy1        ;      ;
+------------+-----------------+------------+------+
This panel reports FMAX for every clock in the design, regardless of the user-specified clock periods.  FMAX is only computed for paths where the source and destination registers or ports are driven by the same clock.  Paths of different clocks, including generated clocks, are ignored.  For paths between a clock and its inversion, FMAX is computed as if the rising and falling edges are scaled along with FMAX, such that the duty cycle (in terms of a percentage) is maintained. Altera recommends that you always use clock constraints and other slack reports for sign-off analysis.


+----------------------------------+
; Setup Summary                    ;
+---------+--------+---------------+
; Clock   ; Slack  ; End Point TNS ;
+---------+--------+---------------+
; div[10] ; -4.812 ; -28.315       ;
; pCLK    ; -3.955 ; -36.605       ;
; cy2     ; -1.903 ; -8.798        ;
; cy0     ; -1.878 ; -9.022        ;
; cy3     ; -1.867 ; -7.465        ;
; cy1     ; -1.839 ; -8.647        ;
+---------+--------+---------------+


+----------------------------------+
; Hold Summary                     ;
+---------+--------+---------------+
; Clock   ; Slack  ; End Point TNS ;
+---------+--------+---------------+
; pCLK    ; -2.398 ; -2.398        ;
; cy2     ; 1.710  ; 0.000         ;
; cy0     ; 1.736  ; 0.000         ;
; cy1     ; 1.741  ; 0.000         ;
; cy3     ; 1.746  ; 0.000         ;
; div[10] ; 2.163  ; 0.000         ;
+---------+--------+---------------+


--------------------
; Recovery Summary ;
--------------------
No paths to report.


-------------------
; Removal Summary ;
-------------------
No paths to report.


+----------------------------------+
; Minimum Pulse Width Summary      ;
+---------+--------+---------------+
; Clock   ; Slack  ; End Point TNS ;
+---------+--------+---------------+
; pCLK    ; -2.289 ; -2.289        ;
; cy0     ; 0.234  ; 0.000         ;
; cy1     ; 0.234  ; 0.000         ;
; cy2     ; 0.234  ; 0.000         ;
; cy3     ; 0.234  ; 0.000         ;
; div[10] ; 0.234  ; 0.000         ;
+---------+--------+---------------+


+----------------------------------------------------------------------------------------------------+
; Setup: 'div[10]'                                                                                   ;
+--------+-----------+---------+--------------+-------------+--------------+------------+------------+
; Slack  ; From Node ; To Node ; Launch Clock ; Latch Clock ; Relationship ; Clock Skew ; Data Delay ;
+--------+-----------+---------+--------------+-------------+--------------+------------+------------+
; -4.812 ; sec[1]    ; sec[4]  ; div[10]      ; div[10]     ; 1.000        ; 0.000      ; 5.479      ;
; -4.646 ; sec[1]    ; sec[5]  ; div[10]      ; div[10]     ; 1.000        ; 0.000      ; 5.313      ;
; -4.602 ; sec[0]    ; sec[4]  ; div[10]      ; div[10]     ; 1.000        ; 0.000      ; 5.269      ;
; -4.436 ; sec[0]    ; sec[5]  ; div[10]      ; div[10]     ; 1.000        ; 0.000      ; 5.103      ;
; -4.363 ; sec[2]    ; sec[4]  ; div[10]      ; div[10]     ; 1.000        ; 0.000      ; 5.030      ;
; -4.328 ; sec[2]    ; cy0     ; div[10]      ; div[10]     ; 1.000        ; 0.000      ; 4.995      ;
; -4.278 ; sec[3]    ; sec[4]  ; div[10]      ; div[10]     ; 1.000        ; 0.000      ; 4.945      ;
; -4.226 ; sec[1]    ; sec[3]  ; div[10]      ; div[10]     ; 1.000        ; 0.000      ; 4.893      ;
; -4.212 ; sec[3]    ; cy0     ; div[10]      ; div[10]     ; 1.000        ; 0.000      ; 4.879      ;
; -4.197 ; sec[2]    ; sec[5]  ; div[10]      ; div[10]     ; 1.000        ; 0.000      ; 4.864      ;
; -4.169 ; sec[2]    ; sec[3]  ; div[10]      ; div[10]     ; 1.000        ; 0.000      ; 4.836      ;
; -4.126 ; sec[4]    ; sec[5]  ; div[10]      ; div[10]     ; 1.000        ; 0.000      ; 4.793      ;
; -4.112 ; sec[3]    ; sec[5]  ; div[10]      ; div[10]     ; 1.000        ; 0.000      ; 4.779      ;
; -4.053 ; sec[3]    ; sec[3]  ; div[10]      ; div[10]     ; 1.000        ; 0.000      ; 4.720      ;
; -4.016 ; sec[0]    ; sec[3]  ; div[10]      ; div[10]     ; 1.000        ; 0.000      ; 4.683      ;
; -3.955 ; sec[2]    ; sec[2]  ; div[10]      ; div[10]     ; 1.000        ; 0.000      ; 4.622      ;
; -3.846 ; sec[1]    ; sec[2]  ; div[10]      ; div[10]     ; 1.000        ; 0.000      ; 4.513      ;
; -3.839 ; sec[3]    ; sec[2]  ; div[10]      ; div[10]     ; 1.000        ; 0.000      ; 4.506      ;
; -3.661 ; sec[0]    ; sec[1]  ; div[10]      ; div[10]     ; 1.000        ; 0.000      ; 4.328      ;
; -3.650 ; sec[5]    ; cy0     ; div[10]      ; div[10]     ; 1.000        ; 0.000      ; 4.317      ;
; -3.636 ; sec[0]    ; sec[2]  ; div[10]      ; div[10]     ; 1.000        ; 0.000      ; 4.303      ;
; -3.599 ; sec[4]    ; cy0     ; div[10]      ; div[10]     ; 1.000        ; 0.000      ; 4.266      ;
; -3.510 ; sec[0]    ; cy0     ; div[10]      ; div[10]     ; 1.000        ; 0.000      ; 4.177      ;
; -3.491 ; sec[5]    ; sec[3]  ; div[10]      ; div[10]     ; 1.000        ; 0.000      ; 4.158      ;
; -3.489 ; sec[5]    ; sec[5]  ; div[10]      ; div[10]     ; 1.000        ; 0.000      ; 4.156      ;
; -3.470 ; sec[4]    ; sec[4]  ; div[10]      ; div[10]     ; 1.000        ; 0.000      ; 4.137      ;
; -3.440 ; sec[4]    ; sec[3]  ; div[10]      ; div[10]     ; 1.000        ; 0.000      ; 4.107      ;
; -3.348 ; sec[1]    ; cy0     ; div[10]      ; div[10]     ; 1.000        ; 0.000      ; 4.015      ;
; -3.277 ; sec[5]    ; sec[2]  ; div[10]      ; div[10]     ; 1.000        ; 0.000      ; 3.944      ;
; -3.226 ; sec[4]    ; sec[2]  ; div[10]      ; div[10]     ; 1.000        ; 0.000      ; 3.893      ;
; -3.172 ; sec[1]    ; sec[1]  ; div[10]      ; div[10]     ; 1.000        ; 0.000      ; 3.839      ;
; -3.084 ; sec[5]    ; sec[4]  ; div[10]      ; div[10]     ; 1.000        ; 0.000      ; 3.751      ;
; -2.687 ; sec[0]    ; sec[0]  ; div[10]      ; div[10]     ; 1.000        ; 0.000      ; 3.354      ;
+--------+-----------+---------+--------------+-------------+--------------+------------+------------+


+----------------------------------------------------------------------------------------------------+
; Setup: 'pCLK'                                                                                      ;
+--------+-----------+---------+--------------+-------------+--------------+------------+------------+
; Slack  ; From Node ; To Node ; Launch Clock ; Latch Clock ; Relationship ; Clock Skew ; Data Delay ;
+--------+-----------+---------+--------------+-------------+--------------+------------+------------+
; -3.955 ; div[0]    ; div[10] ; pCLK         ; pCLK        ; 1.000        ; 0.000      ; 4.622      ;
; -3.955 ; div[0]    ; div[9]  ; pCLK         ; pCLK        ; 1.000        ; 0.000      ; 4.622      ;
; -3.955 ; div[0]    ; div[8]  ; pCLK         ; pCLK        ; 1.000        ; 0.000      ; 4.622      ;
; -3.955 ; div[0]    ; div[7]  ; pCLK         ; pCLK        ; 1.000        ; 0.000      ; 4.622      ;
; -3.955 ; div[0]    ; div[6]  ; pCLK         ; pCLK        ; 1.000        ; 0.000      ; 4.622      ;
; -3.488 ; div[0]    ; div[5]  ; pCLK         ; pCLK        ; 1.000        ; 0.000      ; 4.155      ;
; -3.365 ; div[0]    ; div[4]  ; pCLK         ; pCLK        ; 1.000        ; 0.000      ; 4.032      ;
; -3.353 ; div[1]    ; div[10] ; pCLK         ; pCLK        ; 1.000        ; 0.000      ; 4.020      ;
; -3.353 ; div[1]    ; div[9]  ; pCLK         ; pCLK        ; 1.000        ; 0.000      ; 4.020      ;
; -3.353 ; div[1]    ; div[8]  ; pCLK         ; pCLK        ; 1.000        ; 0.000      ; 4.020      ;
; -3.353 ; div[1]    ; div[7]  ; pCLK         ; pCLK        ; 1.000        ; 0.000      ; 4.020      ;
; -3.353 ; div[1]    ; div[6]  ; pCLK         ; pCLK        ; 1.000        ; 0.000      ; 4.020      ;
; -3.242 ; div[0]    ; div[3]  ; pCLK         ; pCLK        ; 1.000        ; 0.000      ; 3.909      ;
; -3.240 ; div[2]    ; div[10] ; pCLK         ; pCLK        ; 1.000        ; 0.000      ; 3.907      ;
; -3.240 ; div[2]    ; div[9]  ; pCLK         ; pCLK        ; 1.000        ; 0.000      ; 3.907      ;
; -3.240 ; div[2]    ; div[8]  ; pCLK         ; pCLK        ; 1.000        ; 0.000      ; 3.907      ;
; -3.240 ; div[2]    ; div[7]  ; pCLK         ; pCLK        ; 1.000        ; 0.000      ; 3.907      ;
; -3.240 ; div[2]    ; div[6]  ; pCLK         ; pCLK        ; 1.000        ; 0.000      ; 3.907      ;
; -3.198 ; div[4]    ; div[10] ; pCLK         ; pCLK        ; 1.000        ; 0.000      ; 3.865      ;
; -3.198 ; div[4]    ; div[9]  ; pCLK         ; pCLK        ; 1.000        ; 0.000      ; 3.865      ;
; -3.198 ; div[4]    ; div[8]  ; pCLK         ; pCLK        ; 1.000        ; 0.000      ; 3.865      ;
; -3.198 ; div[4]    ; div[7]  ; pCLK         ; pCLK        ; 1.000        ; 0.000      ; 3.865      ;
; -3.198 ; div[4]    ; div[6]  ; pCLK         ; pCLK        ; 1.000        ; 0.000      ; 3.865      ;
; -3.119 ; div[0]    ; div[2]  ; pCLK         ; pCLK        ; 1.000        ; 0.000      ; 3.786      ;
; -3.117 ; div[3]    ; div[10] ; pCLK         ; pCLK        ; 1.000        ; 0.000      ; 3.784      ;
; -3.117 ; div[3]    ; div[9]  ; pCLK         ; pCLK        ; 1.000        ; 0.000      ; 3.784      ;
; -3.117 ; div[3]    ; div[8]  ; pCLK         ; pCLK        ; 1.000        ; 0.000      ; 3.784      ;
; -3.117 ; div[3]    ; div[7]  ; pCLK         ; pCLK        ; 1.000        ; 0.000      ; 3.784      ;
; -3.117 ; div[3]    ; div[6]  ; pCLK         ; pCLK        ; 1.000        ; 0.000      ; 3.784      ;
; -3.109 ; div[6]    ; div[10] ; pCLK         ; pCLK        ; 1.000        ; 0.000      ; 3.776      ;
; -3.046 ; div[5]    ; div[10] ; pCLK         ; pCLK        ; 1.000        ; 0.000      ; 3.713      ;
; -3.046 ; div[5]    ; div[9]  ; pCLK         ; pCLK        ; 1.000        ; 0.000      ; 3.713      ;
; -3.046 ; div[5]    ; div[8]  ; pCLK         ; pCLK        ; 1.000        ; 0.000      ; 3.713      ;
; -3.046 ; div[5]    ; div[7]  ; pCLK         ; pCLK        ; 1.000        ; 0.000      ; 3.713      ;
; -3.046 ; div[5]    ; div[6]  ; pCLK         ; pCLK        ; 1.000        ; 0.000      ; 3.713      ;
; -2.987 ; div[7]    ; div[10] ; pCLK         ; pCLK        ; 1.000        ; 0.000      ; 3.654      ;
; -2.986 ; div[6]    ; div[9]  ; pCLK         ; pCLK        ; 1.000        ; 0.000      ; 3.653      ;
; -2.886 ; div[1]    ; div[5]  ; pCLK         ; pCLK        ; 1.000        ; 0.000      ; 3.553      ;
; -2.864 ; div[7]    ; div[9]  ; pCLK         ; pCLK        ; 1.000        ; 0.000      ; 3.531      ;
; -2.863 ; div[6]    ; div[8]  ; pCLK         ; pCLK        ; 1.000        ; 0.000      ; 3.530      ;
; -2.773 ; div[2]    ; div[5]  ; pCLK         ; pCLK        ; 1.000        ; 0.000      ; 3.440      ;
; -2.763 ; div[1]    ; div[4]  ; pCLK         ; pCLK        ; 1.000        ; 0.000      ; 3.430      ;
; -2.741 ; div[7]    ; div[8]  ; pCLK         ; pCLK        ; 1.000        ; 0.000      ; 3.408      ;
; -2.740 ; div[6]    ; div[7]  ; pCLK         ; pCLK        ; 1.000        ; 0.000      ; 3.407      ;
; -2.731 ; div[4]    ; div[5]  ; pCLK         ; pCLK        ; 1.000        ; 0.000      ; 3.398      ;
; -2.731 ; div[9]    ; div[10] ; pCLK         ; pCLK        ; 1.000        ; 0.000      ; 3.398      ;
; -2.650 ; div[3]    ; div[5]  ; pCLK         ; pCLK        ; 1.000        ; 0.000      ; 3.317      ;
; -2.650 ; div[2]    ; div[4]  ; pCLK         ; pCLK        ; 1.000        ; 0.000      ; 3.317      ;
; -2.641 ; div[8]    ; div[10] ; pCLK         ; pCLK        ; 1.000        ; 0.000      ; 3.308      ;
; -2.640 ; div[1]    ; div[3]  ; pCLK         ; pCLK        ; 1.000        ; 0.000      ; 3.307      ;
; -2.527 ; div[3]    ; div[4]  ; pCLK         ; pCLK        ; 1.000        ; 0.000      ; 3.194      ;
; -2.527 ; div[2]    ; div[3]  ; pCLK         ; pCLK        ; 1.000        ; 0.000      ; 3.194      ;
; -2.518 ; div[8]    ; div[9]  ; pCLK         ; pCLK        ; 1.000        ; 0.000      ; 3.185      ;
; -2.517 ; div[1]    ; div[2]  ; pCLK         ; pCLK        ; 1.000        ; 0.000      ; 3.184      ;
; -2.163 ; div[0]    ; div[1]  ; pCLK         ; pCLK        ; 1.000        ; 0.000      ; 2.830      ;
; -1.785 ; div[7]    ; div[7]  ; pCLK         ; pCLK        ; 1.000        ; 0.000      ; 2.452      ;
; -1.785 ; div[5]    ; div[5]  ; pCLK         ; pCLK        ; 1.000        ; 0.000      ; 2.452      ;
; -1.784 ; div[6]    ; div[6]  ; pCLK         ; pCLK        ; 1.000        ; 0.000      ; 2.451      ;
; -1.775 ; div[9]    ; div[9]  ; pCLK         ; pCLK        ; 1.000        ; 0.000      ; 2.442      ;
; -1.775 ; div[4]    ; div[4]  ; pCLK         ; pCLK        ; 1.000        ; 0.000      ; 2.442      ;
; -1.680 ; div[3]    ; div[3]  ; pCLK         ; pCLK        ; 1.000        ; 0.000      ; 2.347      ;
; -1.680 ; div[2]    ; div[2]  ; pCLK         ; pCLK        ; 1.000        ; 0.000      ; 2.347      ;
; -1.671 ; div[8]    ; div[8]  ; pCLK         ; pCLK        ; 1.000        ; 0.000      ; 2.338      ;
; -1.670 ; div[1]    ; div[1]  ; pCLK         ; pCLK        ; 1.000        ; 0.000      ; 2.337      ;
; -1.453 ; div[0]    ; div[0]  ; pCLK         ; pCLK        ; 1.000        ; 0.000      ; 2.120      ;
; 2.344  ; div[10]   ; div[10] ; div[10]      ; pCLK        ; 0.500        ; 3.681      ; 1.880      ;
; 2.844  ; div[10]   ; div[10] ; div[10]      ; pCLK        ; 1.000        ; 3.681      ; 1.880      ;
+--------+-----------+---------+--------------+-------------+--------------+------------+------------+


+----------------------------------------------------------------------------------------------------+
; Setup: 'cy2'                                                                                       ;
+--------+-----------+---------+--------------+-------------+--------------+------------+------------+
; Slack  ; From Node ; To Node ; Launch Clock ; Latch Clock ; Relationship ; Clock Skew ; Data Delay ;
+--------+-----------+---------+--------------+-------------+--------------+------------+------------+
; -1.903 ; cnt2[2]   ; cnt2[3] ; cy2          ; cy2         ; 1.000        ; 0.000      ; 2.570      ;
; -1.896 ; cnt2[2]   ; cnt2[2] ; cy2          ; cy2         ; 1.000        ; 0.000      ; 2.563      ;
; -1.876 ; cnt2[0]   ; cnt2[2] ; cy2          ; cy2         ; 1.000        ; 0.000      ; 2.543      ;
; -1.871 ; cnt2[0]   ; cy3     ; cy2          ; cy2         ; 1.000        ; 0.000      ; 2.538      ;
; -1.845 ; cnt2[3]   ; cnt2[3] ; cy2          ; cy2         ; 1.000        ; 0.000      ; 2.512      ;
; -1.836 ; cnt2[2]   ; cnt2[1] ; cy2          ; cy2         ; 1.000        ; 0.000      ; 2.503      ;
; -1.784 ; cnt2[1]   ; cnt2[3] ; cy2          ; cy2         ; 1.000        ; 0.000      ; 2.451      ;
; -1.783 ; cnt2[1]   ; cy3     ; cy2          ; cy2         ; 1.000        ; 0.000      ; 2.450      ;
; -1.770 ; cnt2[1]   ; cnt2[1] ; cy2          ; cy2         ; 1.000        ; 0.000      ; 2.437      ;
; -1.537 ; cnt2[3]   ; cnt2[1] ; cy2          ; cy2         ; 1.000        ; 0.000      ; 2.204      ;
; -1.525 ; cnt2[3]   ; cy3     ; cy2          ; cy2         ; 1.000        ; 0.000      ; 2.192      ;
; -1.311 ; cnt2[1]   ; cnt2[2] ; cy2          ; cy2         ; 1.000        ; 0.000      ; 1.978      ;
; -1.299 ; cnt2[0]   ; cnt2[1] ; cy2          ; cy2         ; 1.000        ; 0.000      ; 1.966      ;
; -1.294 ; cnt2[0]   ; cnt2[3] ; cy2          ; cy2         ; 1.000        ; 0.000      ; 1.961      ;
; -1.292 ; cnt2[0]   ; cnt2[0] ; cy2          ; cy2         ; 1.000        ; 0.000      ; 1.959      ;
; -1.264 ; cnt2[2]   ; cy3     ; cy2          ; cy2         ; 1.000        ; 0.000      ; 1.931      ;
+--------+-----------+---------+--------------+-------------+--------------+------------+------------+


+----------------------------------------------------------------------------------------------------+
; Setup: 'cy0'                                                                                       ;
+--------+-----------+---------+--------------+-------------+--------------+------------+------------+
; Slack  ; From Node ; To Node ; Launch Clock ; Latch Clock ; Relationship ; Clock Skew ; Data Delay ;
+--------+-----------+---------+--------------+-------------+--------------+------------+------------+
; -1.878 ; cnt0[1]   ; cy1     ; cy0          ; cy0         ; 1.000        ; 0.000      ; 2.545      ;
; -1.875 ; cnt0[2]   ; cnt0[1] ; cy0          ; cy0         ; 1.000        ; 0.000      ; 2.542      ;
; -1.872 ; cnt0[2]   ; cnt0[3] ; cy0          ; cy0         ; 1.000        ; 0.000      ; 2.539      ;
; -1.871 ; cnt0[2]   ; cnt0[2] ; cy0          ; cy0         ; 1.000        ; 0.000      ; 2.538      ;
; -1.702 ; cnt0[3]   ; cy1     ; cy0          ; cy0         ; 1.000        ; 0.000      ; 2.369      ;
; -1.702 ; cnt0[3]   ; cnt0[1] ; cy0          ; cy0         ; 1.000        ; 0.000      ; 2.369      ;
; -1.699 ; cnt0[3]   ; cnt0[3] ; cy0          ; cy0         ; 1.000        ; 0.000      ; 2.366      ;
; -1.535 ; cnt0[0]   ; cy1     ; cy0          ; cy0         ; 1.000        ; 0.000      ; 2.202      ;
; -1.533 ; cnt0[0]   ; cnt0[2] ; cy0          ; cy0         ; 1.000        ; 0.000      ; 2.200      ;
; -1.531 ; cnt0[0]   ; cnt0[3] ; cy0          ; cy0         ; 1.000        ; 0.000      ; 2.198      ;
; -1.527 ; cnt0[0]   ; cnt0[1] ; cy0          ; cy0         ; 1.000        ; 0.000      ; 2.194      ;
; -1.526 ; cnt0[0]   ; cnt0[0] ; cy0          ; cy0         ; 1.000        ; 0.000      ; 2.193      ;
; -1.298 ; cnt0[1]   ; cnt0[2] ; cy0          ; cy0         ; 1.000        ; 0.000      ; 1.965      ;
; -1.296 ; cnt0[1]   ; cnt0[3] ; cy0          ; cy0         ; 1.000        ; 0.000      ; 1.963      ;
; -1.294 ; cnt0[2]   ; cy1     ; cy0          ; cy0         ; 1.000        ; 0.000      ; 1.961      ;
; -1.290 ; cnt0[1]   ; cnt0[1] ; cy0          ; cy0         ; 1.000        ; 0.000      ; 1.957      ;
+--------+-----------+---------+--------------+-------------+--------------+------------+------------+


+----------------------------------------------------------------------------------------------------+
; Setup: 'cy3'                                                                                       ;
+--------+-----------+---------+--------------+-------------+--------------+------------+------------+
; Slack  ; From Node ; To Node ; Launch Clock ; Latch Clock ; Relationship ; Clock Skew ; Data Delay ;
+--------+-----------+---------+--------------+-------------+--------------+------------+------------+
; -1.867 ; cnt3[0]   ; cnt3[1] ; cy3          ; cy3         ; 1.000        ; 0.000      ; 2.534      ;
; -1.867 ; cnt3[0]   ; cnt3[3] ; cy3          ; cy3         ; 1.000        ; 0.000      ; 2.534      ;
; -1.867 ; cnt3[0]   ; cnt3[2] ; cy3          ; cy3         ; 1.000        ; 0.000      ; 2.534      ;
; -1.864 ; cnt3[0]   ; cnt3[0] ; cy3          ; cy3         ; 1.000        ; 0.000      ; 2.531      ;
; -1.786 ; cnt3[2]   ; cnt3[1] ; cy3          ; cy3         ; 1.000        ; 0.000      ; 2.453      ;
; -1.780 ; cnt3[2]   ; cnt3[0] ; cy3          ; cy3         ; 1.000        ; 0.000      ; 2.447      ;
; -1.764 ; cnt3[3]   ; cnt3[3] ; cy3          ; cy3         ; 1.000        ; 0.000      ; 2.431      ;
; -1.528 ; cnt3[1]   ; cnt3[2] ; cy3          ; cy3         ; 1.000        ; 0.000      ; 2.195      ;
; -1.525 ; cnt3[1]   ; cnt3[0] ; cy3          ; cy3         ; 1.000        ; 0.000      ; 2.192      ;
; -1.519 ; cnt3[1]   ; cnt3[3] ; cy3          ; cy3         ; 1.000        ; 0.000      ; 2.186      ;
; -1.515 ; cnt3[1]   ; cnt3[1] ; cy3          ; cy3         ; 1.000        ; 0.000      ; 2.182      ;
; -1.319 ; cnt3[2]   ; cnt3[3] ; cy3          ; cy3         ; 1.000        ; 0.000      ; 1.986      ;
; -1.309 ; cnt3[2]   ; cnt3[2] ; cy3          ; cy3         ; 1.000        ; 0.000      ; 1.976      ;
; -1.305 ; cnt3[3]   ; cnt3[0] ; cy3          ; cy3         ; 1.000        ; 0.000      ; 1.972      ;
; -1.300 ; cnt3[3]   ; cnt3[1] ; cy3          ; cy3         ; 1.000        ; 0.000      ; 1.967      ;
+--------+-----------+---------+--------------+-------------+--------------+------------+------------+


+----------------------------------------------------------------------------------------------------+
; Setup: 'cy1'                                                                                       ;
+--------+-----------+---------+--------------+-------------+--------------+------------+------------+
; Slack  ; From Node ; To Node ; Launch Clock ; Latch Clock ; Relationship ; Clock Skew ; Data Delay ;
+--------+-----------+---------+--------------+-------------+--------------+------------+------------+
; -1.839 ; cnt1[2]   ; cy2     ; cy1          ; cy1         ; 1.000        ; 0.000      ; 2.506      ;
; -1.838 ; cnt1[2]   ; cnt1[1] ; cy1          ; cy1         ; 1.000        ; 0.000      ; 2.505      ;
; -1.836 ; cnt1[2]   ; cnt1[3] ; cy1          ; cy1         ; 1.000        ; 0.000      ; 2.503      ;
; -1.833 ; cnt1[2]   ; cnt1[2] ; cy1          ; cy1         ; 1.000        ; 0.000      ; 2.500      ;
; -1.781 ; cnt1[0]   ; cy2     ; cy1          ; cy1         ; 1.000        ; 0.000      ; 2.448      ;
; -1.761 ; cnt1[3]   ; cnt1[2] ; cy1          ; cy1         ; 1.000        ; 0.000      ; 2.428      ;
; -1.760 ; cnt1[3]   ; cnt1[1] ; cy1          ; cy1         ; 1.000        ; 0.000      ; 2.427      ;
; -1.757 ; cnt1[3]   ; cnt1[3] ; cy1          ; cy1         ; 1.000        ; 0.000      ; 2.424      ;
; -1.517 ; cnt1[1]   ; cnt1[2] ; cy1          ; cy1         ; 1.000        ; 0.000      ; 2.184      ;
; -1.514 ; cnt1[1]   ; cnt1[3] ; cy1          ; cy1         ; 1.000        ; 0.000      ; 2.181      ;
; -1.511 ; cnt1[1]   ; cy2     ; cy1          ; cy1         ; 1.000        ; 0.000      ; 2.178      ;
; -1.510 ; cnt1[1]   ; cnt1[1] ; cy1          ; cy1         ; 1.000        ; 0.000      ; 2.177      ;
; -1.314 ; cnt1[0]   ; cnt1[1] ; cy1          ; cy1         ; 1.000        ; 0.000      ; 1.981      ;
; -1.311 ; cnt1[0]   ; cnt1[3] ; cy1          ; cy1         ; 1.000        ; 0.000      ; 1.978      ;
; -1.306 ; cnt1[0]   ; cnt1[2] ; cy1          ; cy1         ; 1.000        ; 0.000      ; 1.973      ;
; -1.301 ; cnt1[0]   ; cnt1[0] ; cy1          ; cy1         ; 1.000        ; 0.000      ; 1.968      ;
; -1.295 ; cnt1[3]   ; cy2     ; cy1          ; cy1         ; 1.000        ; 0.000      ; 1.962      ;
+--------+-----------+---------+--------------+-------------+--------------+------------+------------+


+----------------------------------------------------------------------------------------------------+
; Hold: 'pCLK'                                                                                       ;
+--------+-----------+---------+--------------+-------------+--------------+------------+------------+
; Slack  ; From Node ; To Node ; Launch Clock ; Latch Clock ; Relationship ; Clock Skew ; Data Delay ;
+--------+-----------+---------+--------------+-------------+--------------+------------+------------+
; -2.398 ; div[10]   ; div[10] ; div[10]      ; pCLK        ; 0.000        ; 3.681      ; 1.880      ;
; -1.898 ; div[10]   ; div[10] ; div[10]      ; pCLK        ; -0.500       ; 3.681      ; 1.880      ;
; 1.899  ; div[0]    ; div[0]  ; pCLK         ; pCLK        ; 0.000        ; 0.000      ; 2.120      ;
; 2.116  ; div[1]    ; div[1]  ; pCLK         ; pCLK        ; 0.000        ; 0.000      ; 2.337      ;
; 2.117  ; div[8]    ; div[8]  ; pCLK         ; pCLK        ; 0.000        ; 0.000      ; 2.338      ;
; 2.126  ; div[3]    ; div[3]  ; pCLK         ; pCLK        ; 0.000        ; 0.000      ; 2.347      ;
; 2.126  ; div[2]    ; div[2]  ; pCLK         ; pCLK        ; 0.000        ; 0.000      ; 2.347      ;
; 2.221  ; div[9]    ; div[9]  ; pCLK         ; pCLK        ; 0.000        ; 0.000      ; 2.442      ;
; 2.221  ; div[4]    ; div[4]  ; pCLK         ; pCLK        ; 0.000        ; 0.000      ; 2.442      ;
; 2.230  ; div[6]    ; div[6]  ; pCLK         ; pCLK        ; 0.000        ; 0.000      ; 2.451      ;
; 2.231  ; div[7]    ; div[7]  ; pCLK         ; pCLK        ; 0.000        ; 0.000      ; 2.452      ;
; 2.231  ; div[5]    ; div[5]  ; pCLK         ; pCLK        ; 0.000        ; 0.000      ; 2.452      ;
; 2.609  ; div[0]    ; div[1]  ; pCLK         ; pCLK        ; 0.000        ; 0.000      ; 2.830      ;
; 2.948  ; div[1]    ; div[2]  ; pCLK         ; pCLK        ; 0.000        ; 0.000      ; 3.169      ;
; 2.949  ; div[8]    ; div[9]  ; pCLK         ; pCLK        ; 0.000        ; 0.000      ; 3.170      ;
; 2.958  ; div[3]    ; div[4]  ; pCLK         ; pCLK        ; 0.000        ; 0.000      ; 3.179      ;
; 2.958  ; div[2]    ; div[3]  ; pCLK         ; pCLK        ; 0.000        ; 0.000      ; 3.179      ;
; 3.059  ; div[1]    ; div[3]  ; pCLK         ; pCLK        ; 0.000        ; 0.000      ; 3.280      ;
; 3.060  ; div[8]    ; div[10] ; pCLK         ; pCLK        ; 0.000        ; 0.000      ; 3.281      ;
; 3.069  ; div[3]    ; div[5]  ; pCLK         ; pCLK        ; 0.000        ; 0.000      ; 3.290      ;
; 3.069  ; div[2]    ; div[4]  ; pCLK         ; pCLK        ; 0.000        ; 0.000      ; 3.290      ;
; 3.161  ; div[9]    ; div[10] ; pCLK         ; pCLK        ; 0.000        ; 0.000      ; 3.382      ;
; 3.161  ; div[4]    ; div[5]  ; pCLK         ; pCLK        ; 0.000        ; 0.000      ; 3.382      ;
; 3.170  ; div[6]    ; div[7]  ; pCLK         ; pCLK        ; 0.000        ; 0.000      ; 3.391      ;
; 3.170  ; div[1]    ; div[4]  ; pCLK         ; pCLK        ; 0.000        ; 0.000      ; 3.391      ;
; 3.171  ; div[7]    ; div[8]  ; pCLK         ; pCLK        ; 0.000        ; 0.000      ; 3.392      ;
; 3.180  ; div[2]    ; div[5]  ; pCLK         ; pCLK        ; 0.000        ; 0.000      ; 3.401      ;
; 3.281  ; div[6]    ; div[8]  ; pCLK         ; pCLK        ; 0.000        ; 0.000      ; 3.502      ;
; 3.281  ; div[1]    ; div[5]  ; pCLK         ; pCLK        ; 0.000        ; 0.000      ; 3.502      ;
; 3.282  ; div[7]    ; div[9]  ; pCLK         ; pCLK        ; 0.000        ; 0.000      ; 3.503      ;
; 3.392  ; div[6]    ; div[9]  ; pCLK         ; pCLK        ; 0.000        ; 0.000      ; 3.613      ;
; 3.393  ; div[7]    ; div[10] ; pCLK         ; pCLK        ; 0.000        ; 0.000      ; 3.614      ;
; 3.492  ; div[5]    ; div[10] ; pCLK         ; pCLK        ; 0.000        ; 0.000      ; 3.713      ;
; 3.492  ; div[5]    ; div[9]  ; pCLK         ; pCLK        ; 0.000        ; 0.000      ; 3.713      ;
; 3.492  ; div[5]    ; div[8]  ; pCLK         ; pCLK        ; 0.000        ; 0.000      ; 3.713      ;
; 3.492  ; div[5]    ; div[7]  ; pCLK         ; pCLK        ; 0.000        ; 0.000      ; 3.713      ;
; 3.492  ; div[5]    ; div[6]  ; pCLK         ; pCLK        ; 0.000        ; 0.000      ; 3.713      ;
; 3.503  ; div[6]    ; div[10] ; pCLK         ; pCLK        ; 0.000        ; 0.000      ; 3.724      ;
; 3.538  ; div[3]    ; div[10] ; pCLK         ; pCLK        ; 0.000        ; 0.000      ; 3.759      ;
; 3.538  ; div[3]    ; div[9]  ; pCLK         ; pCLK        ; 0.000        ; 0.000      ; 3.759      ;
; 3.538  ; div[3]    ; div[8]  ; pCLK         ; pCLK        ; 0.000        ; 0.000      ; 3.759      ;
; 3.538  ; div[3]    ; div[7]  ; pCLK         ; pCLK        ; 0.000        ; 0.000      ; 3.759      ;
; 3.538  ; div[3]    ; div[6]  ; pCLK         ; pCLK        ; 0.000        ; 0.000      ; 3.759      ;
; 3.549  ; div[0]    ; div[2]  ; pCLK         ; pCLK        ; 0.000        ; 0.000      ; 3.770      ;
; 3.630  ; div[4]    ; div[10] ; pCLK         ; pCLK        ; 0.000        ; 0.000      ; 3.851      ;
; 3.630  ; div[4]    ; div[9]  ; pCLK         ; pCLK        ; 0.000        ; 0.000      ; 3.851      ;
; 3.630  ; div[4]    ; div[8]  ; pCLK         ; pCLK        ; 0.000        ; 0.000      ; 3.851      ;
; 3.630  ; div[4]    ; div[7]  ; pCLK         ; pCLK        ; 0.000        ; 0.000      ; 3.851      ;
; 3.630  ; div[4]    ; div[6]  ; pCLK         ; pCLK        ; 0.000        ; 0.000      ; 3.851      ;
; 3.649  ; div[2]    ; div[10] ; pCLK         ; pCLK        ; 0.000        ; 0.000      ; 3.870      ;
; 3.649  ; div[2]    ; div[9]  ; pCLK         ; pCLK        ; 0.000        ; 0.000      ; 3.870      ;
; 3.649  ; div[2]    ; div[8]  ; pCLK         ; pCLK        ; 0.000        ; 0.000      ; 3.870      ;
; 3.649  ; div[2]    ; div[7]  ; pCLK         ; pCLK        ; 0.000        ; 0.000      ; 3.870      ;
; 3.649  ; div[2]    ; div[6]  ; pCLK         ; pCLK        ; 0.000        ; 0.000      ; 3.870      ;
; 3.660  ; div[0]    ; div[3]  ; pCLK         ; pCLK        ; 0.000        ; 0.000      ; 3.881      ;
; 3.750  ; div[1]    ; div[10] ; pCLK         ; pCLK        ; 0.000        ; 0.000      ; 3.971      ;
; 3.750  ; div[1]    ; div[9]  ; pCLK         ; pCLK        ; 0.000        ; 0.000      ; 3.971      ;
; 3.750  ; div[1]    ; div[8]  ; pCLK         ; pCLK        ; 0.000        ; 0.000      ; 3.971      ;
; 3.750  ; div[1]    ; div[7]  ; pCLK         ; pCLK        ; 0.000        ; 0.000      ; 3.971      ;
; 3.750  ; div[1]    ; div[6]  ; pCLK         ; pCLK        ; 0.000        ; 0.000      ; 3.971      ;
; 3.771  ; div[0]    ; div[4]  ; pCLK         ; pCLK        ; 0.000        ; 0.000      ; 3.992      ;
; 3.882  ; div[0]    ; div[5]  ; pCLK         ; pCLK        ; 0.000        ; 0.000      ; 4.103      ;
; 4.351  ; div[0]    ; div[10] ; pCLK         ; pCLK        ; 0.000        ; 0.000      ; 4.572      ;
; 4.351  ; div[0]    ; div[9]  ; pCLK         ; pCLK        ; 0.000        ; 0.000      ; 4.572      ;
; 4.351  ; div[0]    ; div[8]  ; pCLK         ; pCLK        ; 0.000        ; 0.000      ; 4.572      ;
; 4.351  ; div[0]    ; div[7]  ; pCLK         ; pCLK        ; 0.000        ; 0.000      ; 4.572      ;
; 4.351  ; div[0]    ; div[6]  ; pCLK         ; pCLK        ; 0.000        ; 0.000      ; 4.572      ;
+--------+-----------+---------+--------------+-------------+--------------+------------+------------+


+---------------------------------------------------------------------------------------------------+
; Hold: 'cy2'                                                                                       ;
+-------+-----------+---------+--------------+-------------+--------------+------------+------------+
; Slack ; From Node ; To Node ; Launch Clock ; Latch Clock ; Relationship ; Clock Skew ; Data Delay ;
+-------+-----------+---------+--------------+-------------+--------------+------------+------------+
; 1.710 ; cnt2[2]   ; cy3     ; cy2          ; cy2         ; 0.000        ; 0.000      ; 1.931      ;
; 1.738 ; cnt2[0]   ; cnt2[0] ; cy2          ; cy2         ; 0.000        ; 0.000      ; 1.959      ;
; 1.740 ; cnt2[0]   ; cnt2[3] ; cy2          ; cy2         ; 0.000        ; 0.000      ; 1.961      ;
; 1.745 ; cnt2[0]   ; cnt2[1] ; cy2          ; cy2         ; 0.000        ; 0.000      ; 1.966      ;
; 1.757 ; cnt2[1]   ; cnt2[2] ; cy2          ; cy2         ; 0.000        ; 0.000      ; 1.978      ;
; 1.971 ; cnt2[3]   ; cy3     ; cy2          ; cy2         ; 0.000        ; 0.000      ; 2.192      ;
; 1.983 ; cnt2[3]   ; cnt2[1] ; cy2          ; cy2         ; 0.000        ; 0.000      ; 2.204      ;
; 2.216 ; cnt2[1]   ; cnt2[1] ; cy2          ; cy2         ; 0.000        ; 0.000      ; 2.437      ;
; 2.229 ; cnt2[1]   ; cy3     ; cy2          ; cy2         ; 0.000        ; 0.000      ; 2.450      ;
; 2.230 ; cnt2[1]   ; cnt2[3] ; cy2          ; cy2         ; 0.000        ; 0.000      ; 2.451      ;
; 2.282 ; cnt2[2]   ; cnt2[1] ; cy2          ; cy2         ; 0.000        ; 0.000      ; 2.503      ;
; 2.291 ; cnt2[3]   ; cnt2[3] ; cy2          ; cy2         ; 0.000        ; 0.000      ; 2.512      ;
; 2.317 ; cnt2[0]   ; cy3     ; cy2          ; cy2         ; 0.000        ; 0.000      ; 2.538      ;
; 2.322 ; cnt2[0]   ; cnt2[2] ; cy2          ; cy2         ; 0.000        ; 0.000      ; 2.543      ;
; 2.342 ; cnt2[2]   ; cnt2[2] ; cy2          ; cy2         ; 0.000        ; 0.000      ; 2.563      ;
; 2.349 ; cnt2[2]   ; cnt2[3] ; cy2          ; cy2         ; 0.000        ; 0.000      ; 2.570      ;
+-------+-----------+---------+--------------+-------------+--------------+------------+------------+


+---------------------------------------------------------------------------------------------------+
; Hold: 'cy0'                                                                                       ;
+-------+-----------+---------+--------------+-------------+--------------+------------+------------+
; Slack ; From Node ; To Node ; Launch Clock ; Latch Clock ; Relationship ; Clock Skew ; Data Delay ;
+-------+-----------+---------+--------------+-------------+--------------+------------+------------+
; 1.736 ; cnt0[1]   ; cnt0[1] ; cy0          ; cy0         ; 0.000        ; 0.000      ; 1.957      ;
; 1.740 ; cnt0[2]   ; cy1     ; cy0          ; cy0         ; 0.000        ; 0.000      ; 1.961      ;
; 1.742 ; cnt0[1]   ; cnt0[3] ; cy0          ; cy0         ; 0.000        ; 0.000      ; 1.963      ;
; 1.744 ; cnt0[1]   ; cnt0[2] ; cy0          ; cy0         ; 0.000        ; 0.000      ; 1.965      ;
; 1.972 ; cnt0[0]   ; cnt0[0] ; cy0          ; cy0         ; 0.000        ; 0.000      ; 2.193      ;
; 1.973 ; cnt0[0]   ; cnt0[1] ; cy0          ; cy0         ; 0.000        ; 0.000      ; 2.194      ;
; 1.977 ; cnt0[0]   ; cnt0[3] ; cy0          ; cy0         ; 0.000        ; 0.000      ; 2.198      ;
; 1.979 ; cnt0[0]   ; cnt0[2] ; cy0          ; cy0         ; 0.000        ; 0.000      ; 2.200      ;
; 1.981 ; cnt0[0]   ; cy1     ; cy0          ; cy0         ; 0.000        ; 0.000      ; 2.202      ;
; 2.145 ; cnt0[3]   ; cnt0[3] ; cy0          ; cy0         ; 0.000        ; 0.000      ; 2.366      ;
; 2.148 ; cnt0[3]   ; cy1     ; cy0          ; cy0         ; 0.000        ; 0.000      ; 2.369      ;
; 2.148 ; cnt0[3]   ; cnt0[1] ; cy0          ; cy0         ; 0.000        ; 0.000      ; 2.369      ;
; 2.317 ; cnt0[2]   ; cnt0[2] ; cy0          ; cy0         ; 0.000        ; 0.000      ; 2.538      ;
; 2.318 ; cnt0[2]   ; cnt0[3] ; cy0          ; cy0         ; 0.000        ; 0.000      ; 2.539      ;
; 2.321 ; cnt0[2]   ; cnt0[1] ; cy0          ; cy0         ; 0.000        ; 0.000      ; 2.542      ;
; 2.324 ; cnt0[1]   ; cy1     ; cy0          ; cy0         ; 0.000        ; 0.000      ; 2.545      ;
+-------+-----------+---------+--------------+-------------+--------------+------------+------------+


+---------------------------------------------------------------------------------------------------+
; Hold: 'cy1'                                                                                       ;
+-------+-----------+---------+--------------+-------------+--------------+------------+------------+
; Slack ; From Node ; To Node ; Launch Clock ; Latch Clock ; Relationship ; Clock Skew ; Data Delay ;
+-------+-----------+---------+--------------+-------------+--------------+------------+------------+
; 1.741 ; cnt1[3]   ; cy2     ; cy1          ; cy1         ; 0.000        ; 0.000      ; 1.962      ;
; 1.747 ; cnt1[0]   ; cnt1[0] ; cy1          ; cy1         ; 0.000        ; 0.000      ; 1.968      ;
; 1.752 ; cnt1[0]   ; cnt1[2] ; cy1          ; cy1         ; 0.000        ; 0.000      ; 1.973      ;
; 1.757 ; cnt1[0]   ; cnt1[3] ; cy1          ; cy1         ; 0.000        ; 0.000      ; 1.978      ;
; 1.760 ; cnt1[0]   ; cnt1[1] ; cy1          ; cy1         ; 0.000        ; 0.000      ; 1.981      ;
; 1.956 ; cnt1[1]   ; cnt1[1] ; cy1          ; cy1         ; 0.000        ; 0.000      ; 2.177      ;
; 1.957 ; cnt1[1]   ; cy2     ; cy1          ; cy1         ; 0.000        ; 0.000      ; 2.178      ;
; 1.960 ; cnt1[1]   ; cnt1[3] ; cy1          ; cy1         ; 0.000        ; 0.000      ; 2.181      ;
; 1.963 ; cnt1[1]   ; cnt1[2] ; cy1          ; cy1         ; 0.000        ; 0.000      ; 2.184      ;
; 2.203 ; cnt1[3]   ; cnt1[3] ; cy1          ; cy1         ; 0.000        ; 0.000      ; 2.424      ;
; 2.206 ; cnt1[3]   ; cnt1[1] ; cy1          ; cy1         ; 0.000        ; 0.000      ; 2.427      ;
; 2.207 ; cnt1[3]   ; cnt1[2] ; cy1          ; cy1         ; 0.000        ; 0.000      ; 2.428      ;
; 2.227 ; cnt1[0]   ; cy2     ; cy1          ; cy1         ; 0.000        ; 0.000      ; 2.448      ;
; 2.279 ; cnt1[2]   ; cnt1[2] ; cy1          ; cy1         ; 0.000        ; 0.000      ; 2.500      ;
; 2.282 ; cnt1[2]   ; cnt1[3] ; cy1          ; cy1         ; 0.000        ; 0.000      ; 2.503      ;
; 2.284 ; cnt1[2]   ; cnt1[1] ; cy1          ; cy1         ; 0.000        ; 0.000      ; 2.505      ;
; 2.285 ; cnt1[2]   ; cy2     ; cy1          ; cy1         ; 0.000        ; 0.000      ; 2.506      ;
+-------+-----------+---------+--------------+-------------+--------------+------------+------------+


+---------------------------------------------------------------------------------------------------+
; Hold: 'cy3'                                                                                       ;
+-------+-----------+---------+--------------+-------------+--------------+------------+------------+
; Slack ; From Node ; To Node ; Launch Clock ; Latch Clock ; Relationship ; Clock Skew ; Data Delay ;
+-------+-----------+---------+--------------+-------------+--------------+------------+------------+
; 1.746 ; cnt3[3]   ; cnt3[1] ; cy3          ; cy3         ; 0.000        ; 0.000      ; 1.967      ;
; 1.751 ; cnt3[3]   ; cnt3[0] ; cy3          ; cy3         ; 0.000        ; 0.000      ; 1.972      ;
; 1.755 ; cnt3[2]   ; cnt3[2] ; cy3          ; cy3         ; 0.000        ; 0.000      ; 1.976      ;
; 1.765 ; cnt3[2]   ; cnt3[3] ; cy3          ; cy3         ; 0.000        ; 0.000      ; 1.986      ;
; 1.961 ; cnt3[1]   ; cnt3[1] ; cy3          ; cy3         ; 0.000        ; 0.000      ; 2.182      ;
; 1.965 ; cnt3[1]   ; cnt3[3] ; cy3          ; cy3         ; 0.000        ; 0.000      ; 2.186      ;
; 1.971 ; cnt3[1]   ; cnt3[0] ; cy3          ; cy3         ; 0.000        ; 0.000      ; 2.192      ;
; 1.974 ; cnt3[1]   ; cnt3[2] ; cy3          ; cy3         ; 0.000        ; 0.000      ; 2.195      ;
; 2.210 ; cnt3[3]   ; cnt3[3] ; cy3          ; cy3         ; 0.000        ; 0.000      ; 2.431      ;
; 2.226 ; cnt3[2]   ; cnt3[0] ; cy3          ; cy3         ; 0.000        ; 0.000      ; 2.447      ;
; 2.232 ; cnt3[2]   ; cnt3[1] ; cy3          ; cy3         ; 0.000        ; 0.000      ; 2.453      ;
; 2.310 ; cnt3[0]   ; cnt3[0] ; cy3          ; cy3         ; 0.000        ; 0.000      ; 2.531      ;
; 2.313 ; cnt3[0]   ; cnt3[1] ; cy3          ; cy3         ; 0.000        ; 0.000      ; 2.534      ;
; 2.313 ; cnt3[0]   ; cnt3[3] ; cy3          ; cy3         ; 0.000        ; 0.000      ; 2.534      ;
; 2.313 ; cnt3[0]   ; cnt3[2] ; cy3          ; cy3         ; 0.000        ; 0.000      ; 2.534      ;
+-------+-----------+---------+--------------+-------------+--------------+------------+------------+


+---------------------------------------------------------------------------------------------------+
; Hold: 'div[10]'                                                                                   ;
+-------+-----------+---------+--------------+-------------+--------------+------------+------------+
; Slack ; From Node ; To Node ; Launch Clock ; Latch Clock ; Relationship ; Clock Skew ; Data Delay ;
+-------+-----------+---------+--------------+-------------+--------------+------------+------------+
; 2.163 ; sec[0]    ; sec[3]  ; div[10]      ; div[10]     ; 0.000        ; 0.000      ; 2.384      ;
; 2.164 ; sec[0]    ; sec[5]  ; div[10]      ; div[10]     ; 0.000        ; 0.000      ; 2.385      ;
; 2.335 ; sec[0]    ; sec[4]  ; div[10]      ; div[10]     ; 0.000        ; 0.000      ; 2.556      ;
; 2.635 ; sec[0]    ; sec[2]  ; div[10]      ; div[10]     ; 0.000        ; 0.000      ; 2.856      ;
; 2.830 ; sec[5]    ; sec[5]  ; div[10]      ; div[10]     ; 0.000        ; 0.000      ; 3.051      ;
; 3.133 ; sec[0]    ; sec[0]  ; div[10]      ; div[10]     ; 0.000        ; 0.000      ; 3.354      ;
; 3.144 ; sec[2]    ; sec[2]  ; div[10]      ; div[10]     ; 0.000        ; 0.000      ; 3.365      ;
; 3.188 ; sec[1]    ; sec[4]  ; div[10]      ; div[10]     ; 0.000        ; 0.000      ; 3.409      ;
; 3.355 ; sec[1]    ; sec[3]  ; div[10]      ; div[10]     ; 0.000        ; 0.000      ; 3.576      ;
; 3.356 ; sec[1]    ; sec[5]  ; div[10]      ; div[10]     ; 0.000        ; 0.000      ; 3.577      ;
; 3.357 ; sec[1]    ; sec[2]  ; div[10]      ; div[10]     ; 0.000        ; 0.000      ; 3.578      ;
; 3.370 ; sec[3]    ; sec[3]  ; div[10]      ; div[10]     ; 0.000        ; 0.000      ; 3.591      ;
; 3.479 ; sec[4]    ; sec[4]  ; div[10]      ; div[10]     ; 0.000        ; 0.000      ; 3.700      ;
; 3.530 ; sec[5]    ; sec[4]  ; div[10]      ; div[10]     ; 0.000        ; 0.000      ; 3.751      ;
; 3.618 ; sec[1]    ; sec[1]  ; div[10]      ; div[10]     ; 0.000        ; 0.000      ; 3.839      ;
; 3.672 ; sec[4]    ; sec[2]  ; div[10]      ; div[10]     ; 0.000        ; 0.000      ; 3.893      ;
; 3.723 ; sec[5]    ; sec[2]  ; div[10]      ; div[10]     ; 0.000        ; 0.000      ; 3.944      ;
; 3.794 ; sec[1]    ; cy0     ; div[10]      ; div[10]     ; 0.000        ; 0.000      ; 4.015      ;
; 3.884 ; sec[4]    ; sec[5]  ; div[10]      ; div[10]     ; 0.000        ; 0.000      ; 4.105      ;
; 3.886 ; sec[4]    ; sec[3]  ; div[10]      ; div[10]     ; 0.000        ; 0.000      ; 4.107      ;
; 3.937 ; sec[5]    ; sec[3]  ; div[10]      ; div[10]     ; 0.000        ; 0.000      ; 4.158      ;
; 3.956 ; sec[0]    ; cy0     ; div[10]      ; div[10]     ; 0.000        ; 0.000      ; 4.177      ;
; 4.045 ; sec[4]    ; cy0     ; div[10]      ; div[10]     ; 0.000        ; 0.000      ; 4.266      ;
; 4.092 ; sec[3]    ; sec[4]  ; div[10]      ; div[10]     ; 0.000        ; 0.000      ; 4.313      ;
; 4.092 ; sec[0]    ; sec[1]  ; div[10]      ; div[10]     ; 0.000        ; 0.000      ; 4.313      ;
; 4.096 ; sec[5]    ; cy0     ; div[10]      ; div[10]     ; 0.000        ; 0.000      ; 4.317      ;
; 4.208 ; sec[2]    ; sec[3]  ; div[10]      ; div[10]     ; 0.000        ; 0.000      ; 4.429      ;
; 4.208 ; sec[2]    ; sec[4]  ; div[10]      ; div[10]     ; 0.000        ; 0.000      ; 4.429      ;
; 4.285 ; sec[3]    ; sec[2]  ; div[10]      ; div[10]     ; 0.000        ; 0.000      ; 4.506      ;
; 4.497 ; sec[3]    ; sec[5]  ; div[10]      ; div[10]     ; 0.000        ; 0.000      ; 4.718      ;
; 4.613 ; sec[2]    ; sec[5]  ; div[10]      ; div[10]     ; 0.000        ; 0.000      ; 4.834      ;
; 4.658 ; sec[3]    ; cy0     ; div[10]      ; div[10]     ; 0.000        ; 0.000      ; 4.879      ;
; 4.774 ; sec[2]    ; cy0     ; div[10]      ; div[10]     ; 0.000        ; 0.000      ; 4.995      ;
+-------+-----------+---------+--------------+-------------+--------------+------------+------------+


+-------------------------------------------------------------------+
; Setup Transfers                                                   ;
+------------+----------+----------+----------+----------+----------+
; From Clock ; To Clock ; RR Paths ; FR Paths ; RF Paths ; FF Paths ;
+------------+----------+----------+----------+----------+----------+
; cy0        ; cy0      ; 16       ; 0        ; 0        ; 0        ;
; cy1        ; cy1      ; 17       ; 0        ; 0        ; 0        ;
; cy2        ; cy2      ; 16       ; 0        ; 0        ; 0        ;
; cy3        ; cy3      ; 15       ; 0        ; 0        ; 0        ;
; div[10]    ; div[10]  ; 64       ; 0        ; 0        ; 0        ;
; div[10]    ; pCLK     ; 1        ; 1        ; 0        ; 0        ;
; pCLK       ; pCLK     ; 114      ; 0        ; 0        ; 0        ;
+------------+----------+----------+----------+----------+----------+
Entries labeled "false path" only account for clock-to-clock false paths and not path-based false paths. As a result, actual path counts may be lower than reported.


+-------------------------------------------------------------------+
; Hold Transfers                                                    ;
+------------+----------+----------+----------+----------+----------+
; From Clock ; To Clock ; RR Paths ; FR Paths ; RF Paths ; FF Paths ;
+------------+----------+----------+----------+----------+----------+
; cy0        ; cy0      ; 16       ; 0        ; 0        ; 0        ;
; cy1        ; cy1      ; 17       ; 0        ; 0        ; 0        ;
; cy2        ; cy2      ; 16       ; 0        ; 0        ; 0        ;
; cy3        ; cy3      ; 15       ; 0        ; 0        ; 0        ;
; div[10]    ; div[10]  ; 64       ; 0        ; 0        ; 0        ;
; div[10]    ; pCLK     ; 1        ; 1        ; 0        ; 0        ;
; pCLK       ; pCLK     ; 114      ; 0        ; 0        ; 0        ;
+------------+----------+----------+----------+----------+----------+
Entries labeled "false path" only account for clock-to-clock false paths and not path-based false paths. As a result, actual path counts may be lower than reported.


---------------
; Report TCCS ;
---------------
No dedicated SERDES Transmitter circuitry present in device or used in design


---------------
; Report RSKM ;
---------------
No non-DPA dedicated SERDES Receiver circuitry present in device or used in design


+------------------------------------------------+
; Unconstrained Paths Summary                    ;
+---------------------------------+-------+------+
; Property                        ; Setup ; Hold ;
+---------------------------------+-------+------+
; Illegal Clocks                  ; 0     ; 0    ;
; Unconstrained Clocks            ; 0     ; 0    ;
; Unconstrained Input Ports       ; 1     ; 1    ;
; Unconstrained Input Port Paths  ; 26    ; 26   ;
; Unconstrained Output Ports      ; 38    ; 38   ;
; Unconstrained Output Port Paths ; 130   ; 130  ;
+---------------------------------+-------+------+


+----------------------------------------+
; Clock Status Summary                   ;
+---------+---------+------+-------------+
; Target  ; Clock   ; Type ; Status      ;
+---------+---------+------+-------------+
; cy0     ; cy0     ; Base ; Constrained ;
; cy1     ; cy1     ; Base ; Constrained ;
; cy2     ; cy2     ; Base ; Constrained ;
; cy3     ; cy3     ; Base ; Constrained ;
; div[10] ; div[10] ; Base ; Constrained ;
; pCLK    ; pCLK    ; Base ; Constrained ;
+---------+---------+------+-------------+


+---------------------------------------------------------------------------------------------------+
; Unconstrained Input Ports                                                                         ;
+------------+--------------------------------------------------------------------------------------+
; Input Port ; Comment                                                                              ;
+------------+--------------------------------------------------------------------------------------+
; nRST       ; No input delay, min/max delays, false-path exceptions, or max skew assignments found ;
+------------+--------------------------------------------------------------------------------------+


+-----------------------------------------------------------------------------------------------------+
; Unconstrained Output Ports                                                                          ;
+-------------+---------------------------------------------------------------------------------------+
; Output Port ; Comment                                                                               ;
+-------------+---------------------------------------------------------------------------------------+
; DLED[0]     ; No output delay, min/max delays, false-path exceptions, or max skew assignments found ;
; DLED[1]     ; No output delay, min/max delays, false-path exceptions, or max skew assignments found ;
; DLED[2]     ; No output delay, min/max delays, false-path exceptions, or max skew assignments found ;
; DLED[3]     ; No output delay, min/max delays, false-path exceptions, or max skew assignments found ;
; DLED[4]     ; No output delay, min/max delays, false-path exceptions, or max skew assignments found ;
; DLED[5]     ; No output delay, min/max delays, false-path exceptions, or max skew assignments found ;
; SLED0[0]    ; No output delay, min/max delays, false-path exceptions, or max skew assignments found ;
; SLED0[1]    ; No output delay, min/max delays, false-path exceptions, or max skew assignments found ;
; SLED0[2]    ; No output delay, min/max delays, false-path exceptions, or max skew assignments found ;
; SLED0[3]    ; No output delay, min/max delays, false-path exceptions, or max skew assignments found ;
; SLED0[4]    ; No output delay, min/max delays, false-path exceptions, or max skew assignments found ;
; SLED0[5]    ; No output delay, min/max delays, false-path exceptions, or max skew assignments found ;
; SLED0[6]    ; No output delay, min/max delays, false-path exceptions, or max skew assignments found ;
; SLED0[7]    ; No output delay, min/max delays, false-path exceptions, or max skew assignments found ;
; SLED1[0]    ; No output delay, min/max delays, false-path exceptions, or max skew assignments found ;
; SLED1[1]    ; No output delay, min/max delays, false-path exceptions, or max skew assignments found ;
; SLED1[2]    ; No output delay, min/max delays, false-path exceptions, or max skew assignments found ;
; SLED1[3]    ; No output delay, min/max delays, false-path exceptions, or max skew assignments found ;
; SLED1[4]    ; No output delay, min/max delays, false-path exceptions, or max skew assignments found ;
; SLED1[5]    ; No output delay, min/max delays, false-path exceptions, or max skew assignments found ;
; SLED1[6]    ; No output delay, min/max delays, false-path exceptions, or max skew assignments found ;
; SLED1[7]    ; No output delay, min/max delays, false-path exceptions, or max skew assignments found ;
; SLED2[0]    ; No output delay, min/max delays, false-path exceptions, or max skew assignments found ;
; SLED2[1]    ; No output delay, min/max delays, false-path exceptions, or max skew assignments found ;
; SLED2[2]    ; No output delay, min/max delays, false-path exceptions, or max skew assignments found ;
; SLED2[3]    ; No output delay, min/max delays, false-path exceptions, or max skew assignments found ;
; SLED2[4]    ; No output delay, min/max delays, false-path exceptions, or max skew assignments found ;
; SLED2[5]    ; No output delay, min/max delays, false-path exceptions, or max skew assignments found ;
; SLED2[6]    ; No output delay, min/max delays, false-path exceptions, or max skew assignments found ;
; SLED2[7]    ; No output delay, min/max delays, false-path exceptions, or max skew assignments found ;
; SLED3[0]    ; No output delay, min/max delays, false-path exceptions, or max skew assignments found ;
; SLED3[1]    ; No output delay, min/max delays, false-path exceptions, or max skew assignments found ;
; SLED3[2]    ; No output delay, min/max delays, false-path exceptions, or max skew assignments found ;
; SLED3[3]    ; No output delay, min/max delays, false-path exceptions, or max skew assignments found ;
; SLED3[4]    ; No output delay, min/max delays, false-path exceptions, or max skew assignments found ;
; SLED3[5]    ; No output delay, min/max delays, false-path exceptions, or max skew assignments found ;
; SLED3[6]    ; No output delay, min/max delays, false-path exceptions, or max skew assignments found ;
; SLED3[7]    ; No output delay, min/max delays, false-path exceptions, or max skew assignments found ;
+-------------+---------------------------------------------------------------------------------------+


+---------------------------------------------------------------------------------------------------+
; Unconstrained Input Ports                                                                         ;
+------------+--------------------------------------------------------------------------------------+
; Input Port ; Comment                                                                              ;
+------------+--------------------------------------------------------------------------------------+
; nRST       ; No input delay, min/max delays, false-path exceptions, or max skew assignments found ;
+------------+--------------------------------------------------------------------------------------+


+-----------------------------------------------------------------------------------------------------+
; Unconstrained Output Ports                                                                          ;
+-------------+---------------------------------------------------------------------------------------+
; Output Port ; Comment                                                                               ;
+-------------+---------------------------------------------------------------------------------------+
; DLED[0]     ; No output delay, min/max delays, false-path exceptions, or max skew assignments found ;
; DLED[1]     ; No output delay, min/max delays, false-path exceptions, or max skew assignments found ;
; DLED[2]     ; No output delay, min/max delays, false-path exceptions, or max skew assignments found ;
; DLED[3]     ; No output delay, min/max delays, false-path exceptions, or max skew assignments found ;
; DLED[4]     ; No output delay, min/max delays, false-path exceptions, or max skew assignments found ;
; DLED[5]     ; No output delay, min/max delays, false-path exceptions, or max skew assignments found ;
; SLED0[0]    ; No output delay, min/max delays, false-path exceptions, or max skew assignments found ;
; SLED0[1]    ; No output delay, min/max delays, false-path exceptions, or max skew assignments found ;
; SLED0[2]    ; No output delay, min/max delays, false-path exceptions, or max skew assignments found ;
; SLED0[3]    ; No output delay, min/max delays, false-path exceptions, or max skew assignments found ;
; SLED0[4]    ; No output delay, min/max delays, false-path exceptions, or max skew assignments found ;
; SLED0[5]    ; No output delay, min/max delays, false-path exceptions, or max skew assignments found ;
; SLED0[6]    ; No output delay, min/max delays, false-path exceptions, or max skew assignments found ;
; SLED0[7]    ; No output delay, min/max delays, false-path exceptions, or max skew assignments found ;
; SLED1[0]    ; No output delay, min/max delays, false-path exceptions, or max skew assignments found ;
; SLED1[1]    ; No output delay, min/max delays, false-path exceptions, or max skew assignments found ;
; SLED1[2]    ; No output delay, min/max delays, false-path exceptions, or max skew assignments found ;
; SLED1[3]    ; No output delay, min/max delays, false-path exceptions, or max skew assignments found ;
; SLED1[4]    ; No output delay, min/max delays, false-path exceptions, or max skew assignments found ;
; SLED1[5]    ; No output delay, min/max delays, false-path exceptions, or max skew assignments found ;
; SLED1[6]    ; No output delay, min/max delays, false-path exceptions, or max skew assignments found ;
; SLED1[7]    ; No output delay, min/max delays, false-path exceptions, or max skew assignments found ;
; SLED2[0]    ; No output delay, min/max delays, false-path exceptions, or max skew assignments found ;
; SLED2[1]    ; No output delay, min/max delays, false-path exceptions, or max skew assignments found ;
; SLED2[2]    ; No output delay, min/max delays, false-path exceptions, or max skew assignments found ;
; SLED2[3]    ; No output delay, min/max delays, false-path exceptions, or max skew assignments found ;
; SLED2[4]    ; No output delay, min/max delays, false-path exceptions, or max skew assignments found ;
; SLED2[5]    ; No output delay, min/max delays, false-path exceptions, or max skew assignments found ;
; SLED2[6]    ; No output delay, min/max delays, false-path exceptions, or max skew assignments found ;
; SLED2[7]    ; No output delay, min/max delays, false-path exceptions, or max skew assignments found ;
; SLED3[0]    ; No output delay, min/max delays, false-path exceptions, or max skew assignments found ;
; SLED3[1]    ; No output delay, min/max delays, false-path exceptions, or max skew assignments found ;
; SLED3[2]    ; No output delay, min/max delays, false-path exceptions, or max skew assignments found ;
; SLED3[3]    ; No output delay, min/max delays, false-path exceptions, or max skew assignments found ;
; SLED3[4]    ; No output delay, min/max delays, false-path exceptions, or max skew assignments found ;
; SLED3[5]    ; No output delay, min/max delays, false-path exceptions, or max skew assignments found ;
; SLED3[6]    ; No output delay, min/max delays, false-path exceptions, or max skew assignments found ;
; SLED3[7]    ; No output delay, min/max delays, false-path exceptions, or max skew assignments found ;
+-------------+---------------------------------------------------------------------------------------+


+--------------------------+
; Timing Analyzer Messages ;
+--------------------------+
Info: *******************************************************************
Info: Running Quartus Prime Timing Analyzer
    Info: Version 21.1.0 Build 842 10/21/2021 SJ Lite Edition
    Info: Processing started: Thu Dec 21 11:52:22 2023
Info: Command: quartus_sta DigitalClock -c DigitalClock
Info: qsta_default_script.tcl version: #1
Warning (18236): Number of processors has not been specified which may cause overloading on shared machines.  Set the global assignment NUM_PARALLEL_PROCESSORS in your QSF to an appropriate value for best performance.
Info (20030): Parallel compilation is enabled and will use 4 of the 4 processors detected
Info (21077): Low junction temperature is 0 degrees C
Info (21077): High junction temperature is 85 degrees C
Info (334003): Started post-fitting delay annotation
Info (334004): Delay annotation completed successfully
Critical Warning (332012): Synopsys Design Constraints File file not found: 'DigitalClock.sdc'. A Synopsys Design Constraints File is required by the Timing Analyzer to get proper timing constraints. Without it, the Compiler will not properly optimize the design.
Info (332142): No user constrained base clocks found in the design. Calling "derive_clocks -period 1.0"
Info (332105): Deriving Clocks
    Info (332105): create_clock -period 1.000 -name div[10] div[10]
    Info (332105): create_clock -period 1.000 -name pCLK pCLK
    Info (332105): create_clock -period 1.000 -name cy0 cy0
    Info (332105): create_clock -period 1.000 -name cy1 cy1
    Info (332105): create_clock -period 1.000 -name cy2 cy2
    Info (332105): create_clock -period 1.000 -name cy3 cy3
Info: Found TIMING_ANALYZER_REPORT_SCRIPT_INCLUDE_DEFAULT_ANALYSIS = ON
Info: Can't run Report Timing Closure Recommendations. The current device family is not supported.
Critical Warning (332148): Timing requirements not met
Info (332146): Worst-case setup slack is -4.812
    Info (332119):     Slack       End Point TNS Clock 
    Info (332119): ========= =================== =====================
    Info (332119):    -4.812             -28.315 div[10] 
    Info (332119):    -3.955             -36.605 pCLK 
    Info (332119):    -1.903              -8.798 cy2 
    Info (332119):    -1.878              -9.022 cy0 
    Info (332119):    -1.867              -7.465 cy3 
    Info (332119):    -1.839              -8.647 cy1 
Info (332146): Worst-case hold slack is -2.398
    Info (332119):     Slack       End Point TNS Clock 
    Info (332119): ========= =================== =====================
    Info (332119):    -2.398              -2.398 pCLK 
    Info (332119):     1.710               0.000 cy2 
    Info (332119):     1.736               0.000 cy0 
    Info (332119):     1.741               0.000 cy1 
    Info (332119):     1.746               0.000 cy3 
    Info (332119):     2.163               0.000 div[10] 
Info (332140): No Recovery paths to report
Info (332140): No Removal paths to report
Info (332146): Worst-case minimum pulse width slack is -2.289
    Info (332119):     Slack       End Point TNS Clock 
    Info (332119): ========= =================== =====================
    Info (332119):    -2.289              -2.289 pCLK 
    Info (332119):     0.234               0.000 cy0 
    Info (332119):     0.234               0.000 cy1 
    Info (332119):     0.234               0.000 cy2 
    Info (332119):     0.234               0.000 cy3 
    Info (332119):     0.234               0.000 div[10] 
Info (332001): The selected device family is not supported by the report_metastability command.
Info (332102): Design is not fully constrained for setup requirements
Info (332102): Design is not fully constrained for hold requirements
Info: Quartus Prime Timing Analyzer was successful. 0 errors, 3 warnings
    Info: Peak virtual memory: 4677 megabytes
    Info: Processing ended: Thu Dec 21 11:52:23 2023
    Info: Elapsed time: 00:00:01
    Info: Total CPU time (on all processors): 00:00:01


